python : Traceback (most recent call last):
En línea: 1 Carácter: 1
+ python -m tests.test_all > test_output.txt 2>&1; Get-Content test_out ...
+ ~~~~~~~~~~~~~~~~~~~~~~~~~~~~~~~~~~~~~~~~~~~~~~~
    + CategoryInfo          : NotSpecified: (Traceback (most recent call last) 
   ::String) [], RemoteException
    + FullyQualifiedErrorId : NativeCommandError
 
  File "<frozen runpy>", line 198, in _run_module_as_main
  File "<frozen runpy>", line 88, in _run_code
  File "C:\Users\icamaraso\workspace\SignalOrbit-Trust\tests\test_all.py", 
line 1433, in <module>
    main()
    ~~~~^^
  File "C:\Users\icamaraso\workspace\SignalOrbit-Trust\tests\test_all.py", 
line 1402, in main
    print("\u2550" * 60)
    ~~~~~^^^^^^^^^^
  File "C:\Program Files\Python313\Lib\encodings\cp1252.py", line 19, in encode
    return codecs.charmap_encode(input,self.errors,encoding_table)[0]
           ~~~~~~~~~~~~~~~~~~~~~^^^^^^^^^^^^^^^^^^^^^^^^^^^^^^^^^^
UnicodeEncodeError: 'charmap' codec can't encode characters in position 0-59: 
character maps to <undefined>
